Copyright 1986-2019 Xilinx, Inc. All Rights Reserved.
-----------------------------------------------------------------------------------------
| Tool Version : Vivado v.2019.2 (win64) Build 2708876 Wed Nov  6 21:40:23 MST 2019
| Date         : Wed Sep 22 21:18:14 2021
| Host         : LAPTOP-MU8B2MRR running 64-bit major release  (build 9200)
| Command      : report_control_sets -verbose -file single_cycle_control_sets_placed.rpt
| Design       : single_cycle
| Device       : xc7a35t
-----------------------------------------------------------------------------------------

Control Set Information

Table of Contents
-----------------
1. Summary
2. Histogram
3. Flip-Flop Distribution
4. Detailed Control Set Information

1. Summary
----------

+----------------------------------------------------------+-------+
|                          Status                          | Count |
+----------------------------------------------------------+-------+
| Total control sets                                       |    49 |
|    Minimum number of control sets                        |    49 |
|    Addition due to synthesis replication                 |     0 |
|    Addition due to physical synthesis replication        |     0 |
| Unused register locations in slices containing registers |    61 |
+----------------------------------------------------------+-------+
* Control sets can be merged at opt_design using control_set_merge or merge_equivalent_drivers
** Run report_qor_suggestions for automated merging and remapping suggestions


2. Histogram
------------

+--------------------+-------+
|       Fanout       | Count |
+--------------------+-------+
| Total control sets |    49 |
| >= 0 to < 4        |     5 |
| >= 4 to < 6        |     1 |
| >= 6 to < 8        |     0 |
| >= 8 to < 10       |     0 |
| >= 10 to < 12      |     0 |
| >= 12 to < 14      |     0 |
| >= 14 to < 16      |     0 |
| >= 16              |    43 |
+--------------------+-------+
* Control sets can be remapped at either synth_design or opt_design


3. Flip-Flop Distribution
-------------------------

+--------------+-----------------------+------------------------+-----------------+--------------+
| Clock Enable | Synchronous Set/Reset | Asynchronous Set/Reset | Total Registers | Total Slices |
+--------------+-----------------------+------------------------+-----------------+--------------+
| No           | No                    | No                     |               5 |            3 |
| No           | No                    | Yes                    |              11 |            3 |
| No           | Yes                   | No                     |             150 |           42 |
| Yes          | No                    | No                     |              16 |            5 |
| Yes          | No                    | Yes                    |             992 |          482 |
| Yes          | Yes                   | No                     |              37 |           21 |
+--------------+-----------------------+------------------------+-----------------+--------------+


4. Detailed Control Set Information
-----------------------------------

+----------------+-----------------------------------------------------------------------------------------------+-------------------------------+------------------+----------------+
|  Clock Signal  |                                         Enable Signal                                         |        Set/Reset Signal       | Slice Load Count | Bel Load Count |
+----------------+-----------------------------------------------------------------------------------------------+-------------------------------+------------------+----------------+
|  clk_IBUF_BUFG | confreg0/left_btn_key_sample                                                                  | cpu0/ssr_regfile/rstn         |                1 |              1 |
|  clk_IBUF_BUFG | confreg0/mid_btn_key_sample                                                                   | cpu0/ssr_regfile/rstn         |                1 |              1 |
|  clk_IBUF_BUFG | confreg0/right_btn_key_sample                                                                 | cpu0/ssr_regfile/rstn         |                1 |              1 |
|  clk_IBUF_BUFG | confreg0/up_btn_key_sample                                                                    | cpu0/ssr_regfile/rstn         |                1 |              1 |
|  clk_IBUF_BUFG | confreg0/down_btn_key_sample                                                                  | cpu0/ssr_regfile/rstn         |                1 |              1 |
|  clk_IBUF_BUFG |                                                                                               |                               |                3 |              5 |
|  clk_IBUF_BUFG | cpu0/ssr_alu/rstn[0]                                                                          |                               |                5 |             16 |
|  clk_IBUF_BUFG |                                                                                               | confreg0/down_btn_key_count0  |                5 |             20 |
|  clk_IBUF_BUFG |                                                                                               | confreg0/left_btn_key_count0  |                5 |             20 |
|  clk_IBUF_BUFG |                                                                                               | confreg0/mid_btn_key_count0   |                5 |             20 |
|  clk_IBUF_BUFG |                                                                                               | confreg0/right_btn_key_count0 |                5 |             20 |
|  clk_IBUF_BUFG |                                                                                               | confreg0/up_btn_key_count0    |                5 |             20 |
|  clk_IBUF_BUFG | cpu0/ssr_regfile/regs[2][31]_i_1_n_0                                                          | cpu0/ssr_regfile/rstn         |               12 |             32 |
|  clk_IBUF_BUFG | cpu0/ssr_regfile/regs                                                                         | cpu0/ssr_regfile/rstn         |               13 |             32 |
|  clk_IBUF_BUFG | cpu0/ssr_regfile/regs[8][31]_i_1_n_0                                                          | cpu0/ssr_regfile/rstn         |               16 |             32 |
|  clk_IBUF_BUFG | cpu0/ssr_regfile/regs[7][31]_i_1_n_0                                                          | cpu0/ssr_regfile/rstn         |               20 |             32 |
|  clk_IBUF_BUFG | cpu0/ssr_regfile/regs[9][31]_i_1_n_0                                                          | cpu0/ssr_regfile/rstn         |               19 |             32 |
|  clk_IBUF_BUFG | cpu0/ssr_alu/E[0]                                                                             | cpu0/ssr_regfile/rstn         |               16 |             32 |
|  clk_IBUF_BUFG | cpu0/ssr_regfile/regs[4][31]_i_1_n_0                                                          | cpu0/ssr_regfile/rstn         |               18 |             32 |
|  clk_IBUF_BUFG | cpu0/ssr_regfile/regs[5][31]_i_1_n_0                                                          | cpu0/ssr_regfile/rstn         |               16 |             32 |
|  clk_IBUF_BUFG | cpu0/ssr_regfile/regs[6][31]_i_1_n_0                                                          | cpu0/ssr_regfile/rstn         |               18 |             32 |
|  clk_IBUF_BUFG | cpu0/ssr_regfile/regs[10][31]_i_1_n_0                                                         | cpu0/ssr_regfile/rstn         |               16 |             32 |
|  clk_IBUF_BUFG | cpu0/ssr_regfile/regs[12][31]_i_1_n_0                                                         | cpu0/ssr_regfile/rstn         |               18 |             32 |
|  clk_IBUF_BUFG | cpu0/ssr_regfile/regs[28][31]_i_1_n_0                                                         | cpu0/ssr_regfile/rstn         |               20 |             32 |
|  clk_IBUF_BUFG | cpu0/ssr_regfile/regs[29][31]_i_1_n_0                                                         | cpu0/ssr_regfile/rstn         |               15 |             32 |
|  clk_IBUF_BUFG | cpu0/ssr_regfile/regs[20][31]_i_1_n_0                                                         | cpu0/ssr_regfile/rstn         |               16 |             32 |
|  clk_IBUF_BUFG | cpu0/ssr_regfile/regs[24][31]_i_1_n_0                                                         | cpu0/ssr_regfile/rstn         |               16 |             32 |
|  clk_IBUF_BUFG | cpu0/ssr_regfile/regs[18][31]_i_1_n_0                                                         | cpu0/ssr_regfile/rstn         |               16 |             32 |
|  clk_IBUF_BUFG | cpu0/ssr_regfile/regs[16][31]_i_1_n_0                                                         | cpu0/ssr_regfile/rstn         |               12 |             32 |
|  clk_IBUF_BUFG | cpu0/ssr_regfile/regs[17][31]_i_1_n_0                                                         | cpu0/ssr_regfile/rstn         |               15 |             32 |
|  clk_IBUF_BUFG | cpu0/ssr_regfile/regs[1][31]_i_1_n_0                                                          | cpu0/ssr_regfile/rstn         |               12 |             32 |
|  clk_IBUF_BUFG | cpu0/ssr_regfile/regs[15][31]_i_1_n_0                                                         | cpu0/ssr_regfile/rstn         |               12 |             32 |
|  clk_IBUF_BUFG | cpu0/ssr_regfile/regs[21][31]_i_1_n_0                                                         | cpu0/ssr_regfile/rstn         |               10 |             32 |
|  clk_IBUF_BUFG | cpu0/ssr_regfile/regs[22][31]_i_1_n_0                                                         | cpu0/ssr_regfile/rstn         |               16 |             32 |
|  clk_IBUF_BUFG | cpu0/ssr_regfile/regs[13][31]_i_1_n_0                                                         | cpu0/ssr_regfile/rstn         |               13 |             32 |
|  clk_IBUF_BUFG | cpu0/ssr_regfile/regs[26][31]_i_1_n_0                                                         | cpu0/ssr_regfile/rstn         |               17 |             32 |
|  clk_IBUF_BUFG | cpu0/ssr_regfile/regs[27][31]_i_1_n_0                                                         | cpu0/ssr_regfile/rstn         |               18 |             32 |
|  clk_IBUF_BUFG | cpu0/ssr_regfile/regs[30][31]_i_1_n_0                                                         | cpu0/ssr_regfile/rstn         |               21 |             32 |
|  clk_IBUF_BUFG | cpu0/ssr_regfile/regs[19][31]_i_1_n_0                                                         | cpu0/ssr_regfile/rstn         |               15 |             32 |
|  clk_IBUF_BUFG | cpu0/ssr_regfile/regs[14][31]_i_1_n_0                                                         | cpu0/ssr_regfile/rstn         |               15 |             32 |
|  clk_IBUF_BUFG | cpu0/ssr_regfile/regs[11][31]_i_1_n_0                                                         | cpu0/ssr_regfile/rstn         |               12 |             32 |
|  clk_IBUF_BUFG | cpu0/ssr_regfile/regs[25][31]_i_1_n_0                                                         | cpu0/ssr_regfile/rstn         |               14 |             32 |
|  clk_IBUF_BUFG | cpu0/ssr_regfile/regs[23][31]_i_1_n_0                                                         | cpu0/ssr_regfile/rstn         |               13 |             32 |
|  clk_IBUF_BUFG | cpu0/ssr_regfile/regs[3][31]_i_1_n_0                                                          | cpu0/ssr_regfile/rstn         |               18 |             32 |
|  clk_IBUF_BUFG |                                                                                               | cpu0/ssr_regfile/rstn         |               20 |             61 |
|  clk_IBUF_BUFG | data_ram_4k/U0/synth_options.dist_mem_inst/gen_sp_ram.spram_inst/ram_reg_0_255_0_0_i_1_n_0    |                               |               32 |            128 |
|  clk_IBUF_BUFG | data_ram_4k/U0/synth_options.dist_mem_inst/gen_sp_ram.spram_inst/ram_reg_256_511_0_0_i_1_n_0  |                               |               32 |            128 |
|  clk_IBUF_BUFG | data_ram_4k/U0/synth_options.dist_mem_inst/gen_sp_ram.spram_inst/ram_reg_512_767_0_0_i_1_n_0  |                               |               32 |            128 |
|  clk_IBUF_BUFG | data_ram_4k/U0/synth_options.dist_mem_inst/gen_sp_ram.spram_inst/ram_reg_768_1023_0_0_i_1_n_0 |                               |               32 |            128 |
+----------------+-----------------------------------------------------------------------------------------------+-------------------------------+------------------+----------------+


